// Jest Snapshot v1, https://goo.gl/fbAQLP

exports[`Home tests Home renders correctly enzyme 1`] = `
<Provider
  store={
    Object {
      "clearActions": [Function],
      "dispatch": [Function],
      "getActions": [Function],
      "getState": [Function],
      "replaceReducer": [Function],
      "subscribe": [Function],
    }
  }
>
  <Home>
    <div
      className="home-container"
    >
      <div
        className="fav-movies-btn"
      >
        <FontAwesomeIcon
          border={false}
          className="small-fav-button"
          fixedWidth={false}
          flip={null}
          icon={
            Object {
              "icon": Array [
                512,
                512,
                Array [],
                "f004",
                "M462.3 62.6C407.5 15.9 326 24.3 275.7 76.2L256 96.5l-19.7-20.3C186.1 24.3 104.5 15.9 49.7 62.6c-62.8 53.6-66.1 149.8-9.9 207.9l193.5 199.8c12.5 12.9 32.8 12.9 45.3 0l193.5-199.8c56.3-58.1 53-154.3-9.8-207.9z",
              ],
              "iconName": "heart",
              "prefix": "fas",
            }
          }
          inverse={false}
          listItem={false}
          mask={null}
          onClick={[Function]}
          pull={null}
          pulse={false}
          rotation={null}
          size={null}
          spin={false}
          swapOpacity={false}
          symbol={false}
          title=""
          transform={null}
        >
          <svg
            aria-hidden="true"
            className="svg-inline--fa fa-heart fa-w-16 small-fav-button"
            data-icon="heart"
            data-prefix="fas"
            focusable="false"
            onClick={[Function]}
            role="img"
            style={Object {}}
            viewBox="0 0 512 512"
            xmlns="http://www.w3.org/2000/svg"
          >
            <path
              d="M462.3 62.6C407.5 15.9 326 24.3 275.7 76.2L256 96.5l-19.7-20.3C186.1 24.3 104.5 15.9 49.7 62.6c-62.8 53.6-66.1 149.8-9.9 207.9l193.5 199.8c12.5 12.9 32.8 12.9 45.3 0l193.5-199.8c56.3-58.1 53-154.3-9.8-207.9z"
              fill="currentColor"
              style={Object {}}
            />
          </svg>
        </FontAwesomeIcon>
      </div>
      <div
        className="input-container  dontMove"
      >
        <form
          autoComplete="off"
          onSubmit={[Function]}
        >
          <ForwardRef
            className="justify-content-md-center margin0"
            noGutters={false}
          >
            <div
              className="justify-content-md-center margin0 row"
            >
              <Col
                lg={12}
                md={12}
                xs={10}
              >
                <div
                  className="col-lg-12 col-md-12 col-10"
                >
                  <div
                    className="input-card"
                  >
                    <input
                      name="Search"
                      placeholder="Search for a movie"
                      type="text-input"
                    />
                    <button
                      className="search-btn"
                      type="submit"
                    >
                      <FontAwesomeIcon
                        border={false}
                        className=""
                        fixedWidth={false}
                        flip={null}
                        icon={
                          Object {
                            "icon": Array [
                              512,
                              512,
                              Array [],
                              "f002",
                              "M505 442.7L405.3 343c-4.5-4.5-10.6-7-17-7H372c27.6-35.3 44-79.7 44-128C416 93.1 322.9 0 208 0S0 93.1 0 208s93.1 208 208 208c48.3 0 92.7-16.4 128-44v16.3c0 6.4 2.5 12.5 7 17l99.7 99.7c9.4 9.4 24.6 9.4 33.9 0l28.3-28.3c9.4-9.4 9.4-24.6.1-34zM208 336c-70.7 0-128-57.2-128-128 0-70.7 57.2-128 128-128 70.7 0 128 57.2 128 128 0 70.7-57.2 128-128 128z",
                            ],
                            "iconName": "search",
                            "prefix": "fas",
                          }
                        }
                        inverse={false}
                        listItem={false}
                        mask={null}
                        pull={null}
                        pulse={false}
                        rotation={null}
                        size={null}
                        spin={false}
                        swapOpacity={false}
                        symbol={false}
                        title=""
                        transform={null}
                      >
                        <svg
                          aria-hidden="true"
                          className="svg-inline--fa fa-search fa-w-16 "
                          data-icon="search"
                          data-prefix="fas"
                          focusable="false"
                          role="img"
                          style={Object {}}
                          viewBox="0 0 512 512"
                          xmlns="http://www.w3.org/2000/svg"
                        >
                          <path
                            d="M505 442.7L405.3 343c-4.5-4.5-10.6-7-17-7H372c27.6-35.3 44-79.7 44-128C416 93.1 322.9 0 208 0S0 93.1 0 208s93.1 208 208 208c48.3 0 92.7-16.4 128-44v16.3c0 6.4 2.5 12.5 7 17l99.7 99.7c9.4 9.4 24.6 9.4 33.9 0l28.3-28.3c9.4-9.4 9.4-24.6.1-34zM208 336c-70.7 0-128-57.2-128-128 0-70.7 57.2-128 128-128 70.7 0 128 57.2 128 128 0 70.7-57.2 128-128 128z"
                            fill="currentColor"
                            style={Object {}}
                          />
                        </svg>
                      </FontAwesomeIcon>
                    </button>
                  </div>
                </div>
              </Col>
            </div>
          </ForwardRef>
        </form>
      </div>
      <div
        className="slide-panel  slideDown"
      >
        <div
          className="slide-panel-imageBoard"
          style={
            Object {
              "backgroundImage": "url(undefined)",
            }
          }
        >
          <FontAwesomeIcon
            border={false}
            className="close-button"
            fixedWidth={false}
            flip={null}
            icon={
              Object {
                "icon": Array [
                  352,
                  512,
                  Array [],
                  "f00d",
                  "M242.72 256l100.07-100.07c12.28-12.28 12.28-32.19 0-44.48l-22.24-22.24c-12.28-12.28-32.19-12.28-44.48 0L176 189.28 75.93 89.21c-12.28-12.28-32.19-12.28-44.48 0L9.21 111.45c-12.28 12.28-12.28 32.19 0 44.48L109.28 256 9.21 356.07c-12.28 12.28-12.28 32.19 0 44.48l22.24 22.24c12.28 12.28 32.2 12.28 44.48 0L176 322.72l100.07 100.07c12.28 12.28 32.2 12.28 44.48 0l22.24-22.24c12.28-12.28 12.28-32.19 0-44.48L242.72 256z",
                ],
                "iconName": "times",
                "prefix": "fas",
              }
            }
            inverse={false}
            listItem={false}
            mask={null}
            onClick={[Function]}
            pull={null}
            pulse={false}
            rotation={null}
            size={null}
            spin={false}
            swapOpacity={false}
            symbol={false}
            title=""
            transform={null}
          >
            <svg
              aria-hidden="true"
              className="svg-inline--fa fa-times fa-w-11 close-button"
              data-icon="times"
              data-prefix="fas"
              focusable="false"
              onClick={[Function]}
              role="img"
              style={Object {}}
              viewBox="0 0 352 512"
              xmlns="http://www.w3.org/2000/svg"
            >
              <path
                d="M242.72 256l100.07-100.07c12.28-12.28 12.28-32.19 0-44.48l-22.24-22.24c-12.28-12.28-32.19-12.28-44.48 0L176 189.28 75.93 89.21c-12.28-12.28-32.19-12.28-44.48 0L9.21 111.45c-12.28 12.28-12.28 32.19 0 44.48L109.28 256 9.21 356.07c-12.28 12.28-12.28 32.19 0 44.48l22.24 22.24c12.28 12.28 32.2 12.28 44.48 0L176 322.72l100.07 100.07c12.28 12.28 32.2 12.28 44.48 0l22.24-22.24c12.28-12.28 12.28-32.19 0-44.48L242.72 256z"
                fill="currentColor"
                style={Object {}}
              />
            </svg>
          </FontAwesomeIcon>
          <FontAwesomeIcon
            border={false}
            className="small-un-fav-button"
            fixedWidth={false}
            flip={null}
            icon={
              Object {
                "icon": Array [
                  512,
                  512,
                  Array [],
                  "f004",
                  "M462.3 62.6C407.5 15.9 326 24.3 275.7 76.2L256 96.5l-19.7-20.3C186.1 24.3 104.5 15.9 49.7 62.6c-62.8 53.6-66.1 149.8-9.9 207.9l193.5 199.8c12.5 12.9 32.8 12.9 45.3 0l193.5-199.8c56.3-58.1 53-154.3-9.8-207.9z",
                ],
                "iconName": "heart",
                "prefix": "fas",
              }
            }
            inverse={false}
            listItem={false}
            mask={null}
            onClick={[Function]}
            pull={null}
            pulse={false}
            rotation={null}
            size={null}
            spin={false}
            swapOpacity={false}
            symbol={false}
            title=""
            transform={null}
          >
            <svg
              aria-hidden="true"
              className="svg-inline--fa fa-heart fa-w-16 small-un-fav-button"
              data-icon="heart"
              data-prefix="fas"
              focusable="false"
              onClick={[Function]}
              role="img"
              style={Object {}}
              viewBox="0 0 512 512"
              xmlns="http://www.w3.org/2000/svg"
            >
              <path
                d="M462.3 62.6C407.5 15.9 326 24.3 275.7 76.2L256 96.5l-19.7-20.3C186.1 24.3 104.5 15.9 49.7 62.6c-62.8 53.6-66.1 149.8-9.9 207.9l193.5 199.8c12.5 12.9 32.8 12.9 45.3 0l193.5-199.8c56.3-58.1 53-154.3-9.8-207.9z"
                fill="currentColor"
                style={Object {}}
              />
            </svg>
          </FontAwesomeIcon>
          <ForwardRef
            className="margin0"
            noGutters={false}
          >
            <div
              className="margin0 row"
            >
              <Col
                lg={2}
                md={2}
                xs={2}
              >
                <div
                  className="col-lg-2 col-md-2 col-2"
                >
                  <Card
                    body={false}
                  >
                    <div
                      className="card"
                    >
                      <CardImg
                        variant="top"
                      >
                        <img
                          className="card-img-top"
                        />
                      </CardImg>
                    </div>
                  </Card>
                </div>
              </Col>
            </div>
          </ForwardRef>
        </div>
        <div
          className="slide-panel-detailsBoard"
        >
          <ForwardRef
            className="margin0"
            noGutters={false}
          >
            <div
              className="margin0 row"
            >
              <Col
                lg={
                  Object {
                    "offset": 3,
                    "span": 9,
                  }
                }
                md={
                  Object {
                    "offset": 3,
                    "span": 9,
                  }
                }
                xs={12}
              >
                <div
                  className="col-lg-9 col-md-9 col-12 offset-lg-3 offset-md-3"
                >
                  <div
                    className="one-line"
                  >
                    <h3>
                       
                    </h3>
                     
                    <p>
                      (
                      )
                    </p>
                     
                  </div>
                  <p>
                    Director :  
                    <b />
                  </p>
                  <p>
                    Writer :  
                    <b />
                  </p>
                  <p>
                    IMDB Rating: 
                    <b />
                    , Released: 
                    <b />
                  </p>
                  <div
                    className="one-line"
                  >
                    <p>
                      Cast: 
                    </p>
                    <p>
                      <b />
                    </p>
                  </div>
                  <div
                    className="one-line"
                  >
                    <p>
                      Plot: 
                    </p>
                    <p>
                      <b />
                    </p>
                  </div>
                </div>
              </Col>
            </div>
          </ForwardRef>
        </div>
      </div>
      <div
        className="movies-container"
        onScroll={[Function]}
      >
        <ForwardRef
          className="justify-content-md-center margin0"
          noGutters={false}
        >
          <div
            className="justify-content-md-center margin0 row"
          />
        </ForwardRef>
      </div>
    </div>
  </Home>
</Provider>
`;
